(* To Compare the standard the output of the test functions *)
